
> heavenly-church-backend@1.0.0 test
> jest --forceExit --detectOpenHandles

  console.log
    Ô£à Test database connected

      at Object.log (tests/api.test.js:16:13)

  console.log
    Ô£à MongoDB connected

      at log (server.js:57:11)

  console.log
    ­ƒƒó [2026-04-06T19:22:06.922Z] POST /api/auth/login - 200 (2628ms)

      at ServerResponse.log (middleware/requestLogger.js:14:13)

  console.log
    ­ƒƒí [2026-04-06T19:22:07.865Z] POST /api/auth/login - 401 (917ms)

      at ServerResponse.log (middleware/requestLogger.js:14:13)

  console.log
    ­ƒƒí [2026-04-06T19:22:08.041Z] POST /api/auth/login - 401 (151ms)

      at ServerResponse.log (middleware/requestLogger.js:14:13)

  console.log
    ­ƒƒó [2026-04-06T19:22:08.216Z] GET /api/auth/me - 200 (157ms)

      at ServerResponse.log (middleware/requestLogger.js:14:13)

  console.log
    ­ƒƒí [2026-04-06T19:22:08.238Z] GET /api/auth/me - 401 (4ms)

      at ServerResponse.log (middleware/requestLogger.js:14:13)

  console.log
    ­ƒƒó [2026-04-06T19:22:08.422Z] GET /api/members - 200 (171ms)

      at ServerResponse.log (middleware/requestLogger.js:14:13)

  console.log
    ­ƒƒó [2026-04-06T19:22:08.763Z] POST /api/members - 201 (324ms)

      at ServerResponse.log (middleware/requestLogger.js:14:13)

  console.log
    ­ƒƒó [2026-04-06T19:22:09.085Z] POST /api/members - 201 (300ms)

      at ServerResponse.log (middleware/requestLogger.js:14:13)

  console.log
    ­ƒƒí [2026-04-06T19:22:09.110Z] POST /api/members - 400 (7ms)

      at ServerResponse.log (middleware/requestLogger.js:14:13)

  console.log
    ­ƒƒó [2026-04-06T19:22:09.282Z] GET /api/members/69d407e007cbe9c66beae2a3 - 200 (152ms)

      at ServerResponse.log (middleware/requestLogger.js:14:13)

  console.log
    ­ƒƒó [2026-04-06T19:22:09.474Z] PUT /api/members/69d407e007cbe9c66beae2a3 - 200 (165ms)

      at ServerResponse.log (middleware/requestLogger.js:14:13)

  console.log
    ­ƒƒó [2026-04-06T19:22:09.651Z] GET /api/members - 200 (161ms)

      at ServerResponse.log (middleware/requestLogger.js:14:13)

  console.log
    ­ƒƒó [2026-04-06T19:22:09.871Z] DELETE /api/members/69d407e007cbe9c66beae2a3 - 200 (178ms)

      at ServerResponse.log (middleware/requestLogger.js:14:13)

  console.log
    ­ƒƒó [2026-04-06T19:22:10.059Z] DELETE /api/members/000000000000000000000000 - 200 (159ms)

      at ServerResponse.log (middleware/requestLogger.js:14:13)

  console.log
    ­ƒƒó [2026-04-06T19:22:10.225Z] GET /api/visitors - 200 (151ms)

      at ServerResponse.log (middleware/requestLogger.js:14:13)

  console.log
    ­ƒƒó [2026-04-06T19:22:10.401Z] POST /api/visitors - 201 (157ms)

      at ServerResponse.log (middleware/requestLogger.js:14:13)

  console.log
    ­ƒƒó [2026-04-06T19:22:10.573Z] PUT /api/visitors/69d407e207cbe9c66beae2b1 - 200 (154ms)

      at ServerResponse.log (middleware/requestLogger.js:14:13)

  console.log
    ­ƒƒó [2026-04-06T19:22:10.746Z] DELETE /api/visitors/69d407e207cbe9c66beae2b1 - 200 (157ms)

      at ServerResponse.log (middleware/requestLogger.js:14:13)

  console.log
    ­ƒƒó [2026-04-06T19:22:11.097Z] GET /api/services - 200 (331ms)

      at ServerResponse.log (middleware/requestLogger.js:14:13)

  console.log
    ­ƒƒó [2026-04-06T19:22:11.273Z] POST /api/services - 201 (158ms)

      at ServerResponse.log (middleware/requestLogger.js:14:13)

  console.log
    ­ƒƒó [2026-04-06T19:22:11.597Z] GET /api/services - 200 (308ms)

      at ServerResponse.log (middleware/requestLogger.js:14:13)

  console.log
    ­ƒƒí [2026-04-06T19:22:11.615Z] GET /api/services/69d407e307cbe9c66beae2b7 - 404 (6ms)

      at ServerResponse.log (middleware/requestLogger.js:14:13)

  console.log
    ­ƒƒó [2026-04-06T19:22:11.940Z] GET /api/services - 200 (310ms)

      at ServerResponse.log (middleware/requestLogger.js:14:13)

  console.log
    ­ƒƒó [2026-04-06T19:22:12.113Z] PUT /api/services/69d407e307cbe9c66beae2b7 - 200 (158ms)

      at ServerResponse.log (middleware/requestLogger.js:14:13)

  console.log
    ­ƒƒó [2026-04-06T19:22:12.282Z] DELETE /api/services/69d407e307cbe9c66beae2b7 - 200 (157ms)

      at ServerResponse.log (middleware/requestLogger.js:14:13)

  console.log
    ­ƒƒó [2026-04-06T19:22:12.462Z] POST /api/services - 201 (151ms)

      at ServerResponse.log (middleware/requestLogger.js:14:13)

  console.log
    ­ƒƒó [2026-04-06T19:22:12.630Z] GET /api/members - 200 (156ms)

      at ServerResponse.log (middleware/requestLogger.js:14:13)

  console.log
    ÔÜá´©Å Skipping: testMemberId or testServiceId not set

      at Object.log (tests/api.test.js:391:17)

  console.log
    ÔÜá´©Å Skipping: testMemberId or testServiceId not set

      at Object.log (tests/api.test.js:410:17)

  console.log
    ­ƒƒó [2026-04-06T19:22:12.801Z] GET /api/attendance/service/69d407e407cbe9c66beae2bf - 200 (153ms)

      at ServerResponse.log (middleware/requestLogger.js:14:13)

  console.log
    ­ƒƒó [2026-04-06T19:22:13.120Z] GET /api/reports/summary - 200 (299ms)

      at ServerResponse.log (middleware/requestLogger.js:14:13)

  console.log
    ­ƒƒó [2026-04-06T19:22:14.978Z] GET /api/reports/trends - 200 (1843ms)

      at ServerResponse.log (middleware/requestLogger.js:14:13)

  console.log
    ­ƒƒí [2026-04-06T19:22:14.993Z] GET /api/members - 401 (2ms)

      at ServerResponse.log (middleware/requestLogger.js:14:13)

  console.log
    ­ƒƒí [2026-04-06T19:22:15.011Z] GET /api/members - 401 (3ms)

      at ServerResponse.log (middleware/requestLogger.js:14:13)

  console.log
    ­ƒƒí [2026-04-06T19:22:15.027Z] GET /api/nonexistent - 404 (2ms)

      at ServerResponse.log (middleware/requestLogger.js:14:13)

  console.error
    [ERROR] 2026-04-06T19:22:15.048Z - Status: 400 - Message: Expected property name or '}' in JSON at position 1 (line 1 column 2)

    [0m [90m  7 |[39m
     [90m  8 |[39m   [90m// Log error[39m
    [31m[1m>[22m[39m[90m  9 |[39m   console[33m.[39merror([32m`[ERROR] ${new Date().toISOString()} - Status: ${status} - Message: ${message}`[39m)[33m;[39m
     [90m    |[39m           [31m[1m^[22m[39m
     [90m 10 |[39m   [36mif[39m (process[33m.[39menv[33m.[39m[33mNODE_ENV[39m [33m===[39m [32m'development'[39m) {
     [90m 11 |[39m     console[33m.[39merror([32m'Stack:'[39m[33m,[39m err[33m.[39mstack)[33m;[39m
     [90m 12 |[39m   }[0m

      at error (middleware/errorHandler.js:9:11)
      at Layer.handle_error (node_modules/express/lib/router/layer.js:71:5)
      at trim_prefix (node_modules/express/lib/router/index.js:326:13)
      at node_modules/express/lib/router/index.js:286:9
      at Function.process_params (node_modules/express/lib/router/index.js:346:12)
      at next (node_modules/express/lib/router/index.js:280:10)
      at Layer.handle_error (node_modules/express/lib/router/layer.js:67:12)
      at trim_prefix (node_modules/express/lib/router/index.js:326:13)
      at node_modules/express/lib/router/index.js:286:9
      at Function.process_params (node_modules/express/lib/router/index.js:346:12)
      at next (node_modules/express/lib/router/index.js:280:10)
      at Layer.handle_error (node_modules/express/lib/router/layer.js:67:12)
      at trim_prefix (node_modules/express/lib/router/index.js:326:13)
      at node_modules/express/lib/router/index.js:286:9
      at Function.process_params (node_modules/express/lib/router/index.js:346:12)
      at next (node_modules/express/lib/router/index.js:280:10)
      at Layer.handle_error (node_modules/express/lib/router/layer.js:67:12)
      at trim_prefix (node_modules/express/lib/router/index.js:326:13)
      at node_modules/express/lib/router/index.js:286:9
      at Function.process_params (node_modules/express/lib/router/index.js:346:12)
      at next (node_modules/express/lib/router/index.js:280:10)
      at Layer.handle_error (node_modules/express/lib/router/layer.js:67:12)
      at trim_prefix (node_modules/express/lib/router/index.js:326:13)
      at node_modules/express/lib/router/index.js:286:9
      at Function.process_params (node_modules/express/lib/router/index.js:346:12)
      at next (node_modules/express/lib/router/index.js:280:10)
      at node_modules/body-parser/lib/read.js:130:7
      at invokeCallback (node_modules/raw-body/index.js:238:16)
      at done (node_modules/raw-body/index.js:227:7)
      at IncomingMessage.onEnd (node_modules/raw-body/index.js:287:7)

  console.log
    ­ƒö┤ [2026-04-06T19:22:15.076Z] GET /api/members/not-a-valid-id - 500 (5ms)

      at ServerResponse.log (middleware/requestLogger.js:14:13)

  console.log
    ­ƒƒó [2026-04-06T19:22:15.092Z] GET /api/health - 200 (2ms)

      at ServerResponse.log (middleware/requestLogger.js:14:13)

  console.log
    Ô£à All tests completed

      at Object.log (tests/api.test.js:22:13)

node.exe : FAIL tests/api.test.js (12.57 s)
At C:\Program Files\nodejs\npm.ps1:29 char:3
+   & $NODE_EXE $NPM_CLI_JS $args
+   ~~~~~~~~~~~~~~~~~~~~~~~~~~~~~
    + CategoryInfo          : NotSpecified: (FAIL tests/api.test.js (12.57 s): 
   String) [], RemoteException
    + FullyQualifiedErrorId : NativeCommandError
 
  Heavenly Church Ghana API - Comprehensive Test Suite
    ­ƒöÉ Authentication
      ├ù Should login with valid credentials and return token (2701 ms)
      ÔêÜ Should fail login with invalid credentials (941 ms)
      ÔêÜ Should fail login with missing email (170 ms)
      ÔêÜ Should get current user with valid token (176 ms)
      ÔêÜ Should fail to get current user without token (19 ms)
    ­ƒæÑ Members Management
      ÔêÜ Should get all members (184 ms)
      ÔêÜ Should create a new member (340 ms)
      ÔêÜ Should fail to create duplicate member email (345 ms)
      ÔêÜ Should get member by ID (176 ms)
      ÔêÜ Should update member (186 ms)
      ÔêÜ Should search members by name (187 ms)
      ÔêÜ Should delete member (218 ms)
      ÔêÜ Should handle delete of non-existent member gracefully (178 ms)
    ­ƒÄ½ Visitors Management
      ÔêÜ Should get all visitors (166 ms)
      ÔêÜ Should create a new visitor (176 ms)
      ÔêÜ Should update visitor (171 ms)
      ÔêÜ Should delete visitor (174 ms)
    Ôø¬ Services Management
      ÔêÜ Should get all services (349 ms)
      ÔêÜ Should create a new service (173 ms)
      ÔêÜ Should get service by ID (344 ms)
      ÔêÜ Should update service (496 ms)
      ÔêÜ Should delete service (177 ms)
    Ô£à Attendance Check-in
      ÔêÜ Should check in member to service (3 ms)
      ÔêÜ Should prevent duplicate check-in (2 ms)
      ÔêÜ Should get attendance by service (172 ms)
    ­ƒôè Reports & Analytics
      ÔêÜ Should get attendance summary (314 ms)
      ÔêÜ Should get attendance trends (1857 ms)
    ­ƒöÆ Security & Error Handling
      ÔêÜ Should reject requests without token (15 ms)
      ÔêÜ Should reject requests with invalid token (17 ms)
      ÔêÜ Should return 404 for non-existent routes (16 ms)
      ÔêÜ Should return 400 for invalid JSON in request body (29 ms)
      ÔêÜ Should handle server errors gracefully (20 ms)
    ­ƒÅÑ Health Check
      ÔêÜ Should return health status (15 ms)

  ÔùÅ Heavenly Church Ghana API - Comprehensive Test Suite ÔÇ║ ƒöÉ 
Authentication ÔÇ║ Should login with valid credentials and return token

    listen EADDRINUSE: address already in use :::3000

    [0m [90m 56 |[39m })[33m.[39mthen(() [33m=>[39m {
     [90m 57 |[39m   console[33m.[39mlog([32m'Ô£à MongoDB 
connected'[39m)[33m;[39m
    [31m[1m>[22m[39m[90m 58 |[39m   
app[33m.[39mlisten(process[33m.[39menv[33m.[39m[33mPORT[39m 
[33m||[39m [35m5000[39m[33m,[39m () [33m=>[39m {
     [90m    |[39m       [31m[1m^[22m[39m
     [90m 59 |[39m     console[33m.[39mlog([32m`Ô£à Server running on 
port ${process.env.PORT || 5000}`[39m)[33m;[39m
     [90m 60 |[39m     console[33m.[39mlog([32m`ƒöÆ Security: Rate 
limiting enabled, validation active, helmet headers set`[39m)[33m;[39m
     [90m 61 |[39m   })[33m;[39m[0m

      at Function.listen (node_modules/express/lib/application.js:635:24)
      at listen (server.js:58:7)

Test Suites: 1 failed, 1 total
Tests:       1 failed, 32 passed, 33 total
Snapshots:   0 total
Time:        12.694 s, estimated 13 s
Ran all test suites.
